// Jest Snapshot v1, https://goo.gl/fbAQLP

exports[`Rockets Component snapshot test 1`] = `
<div
  id="profile-section"
>
  <div>
    <h2>
      My Missions
    </h2>
    <ul
      className="list"
    >
      You haven't joined any missions yet
    </ul>
  </div>
  <section
    className="rockets-section"
  >
    <h2>
      My Rockets
    </h2>
    <ul
      className="reserve"
    />
  </section>
</div>
`;
